argon2id hash:36477de377e451ad8a9e38cac8feaa58b5c7e6ee972a4f7ce5fb9df6f5356042
