argon2d hash:30f5e9f2584e962bba213cc256dcf9ccdce18d8f67a6cbf8e012e0619b6d52d2
argon2d encoded:$argon2d$v=19$m=65536,t=2,p=1$MDAwMDAwMDAwMDAwMDAwMA$MPXp8lhOliu6ITzCVtz5zNzhjY9npsv44BLgYZttUtI
