argon2d hash:ec6891c09fc1461720e508485da42b2087ca9a708185d9dc890539a33cd2af6f
