===== kind =====
show_kind upper: Argon2d
show_kind upper: Argon2i
show_kind upper: Argon2id
show_kind lower: argon2d
show_kind lower: argon2i
show_kind lower: argon2id
Argon2i: hash:
ec6891c09fc1461720e508485da42b2087ca9a708185d9dc890539a33cd2af6f
Argon2i: encoded:
246172676f6e326924763d3139246d3d36353533362c743d322c703d31244d4441774d4441774d4441774d4441774d4441774d412437476952774a2f425268636735516849586151724949664b6d6e434268646e63695155356f7a7a5372323800
Argon2i: verify OK
Argon2id: hash:
36477de377e451ad8a9e38cac8feaa58b5c7e6ee972a4f7ce5fb9df6f5356042
Argon2id: encoded:
246172676f6e32696424763d3139246d3d36353533362c743d322c703d31244d4441774d4441774d4441774d4441774d4441774d41244e6b64393433666b5561324b6e6a6a4b79503671574c5848357536584b6b3938356675643976553159454900
Argon2id: verify OK
Argon2d: hash:
30f5e9f2584e962bba213cc256dcf9ccdce18d8f67a6cbf8e012e0619b6d52d2
Argon2d: encoded:
246172676f6e326424763d3139246d3d36353533362c743d322c703d31244d4441774d4441774d4441774d4441774d4441774d41244d505870386c684f6c69753649547a4356747a357a4e7a686a59396e7073763434424c67595a747455744900
Argon2d: verify OK
